stm32f3xx_it.c:79:6:NMI_Handler	4	static
stm32f3xx_it.c:92:6:HardFault_Handler	4	static
stm32f3xx_it.c:107:6:MemManage_Handler	4	static
stm32f3xx_it.c:122:6:BusFault_Handler	4	static
stm32f3xx_it.c:137:6:UsageFault_Handler	4	static
stm32f3xx_it.c:152:6:DebugMon_Handler	4	static
stm32f3xx_it.c:165:6:SysTick_Handler	8	static
stm32f3xx_it.c:188:6:DMA1_Channel1_IRQHandler	8	static
stm32f3xx_it.c:202:6:DMA1_Channel2_IRQHandler	8	static
stm32f3xx_it.c:216:6:DMA1_Channel3_IRQHandler	8	static
stm32f3xx_it.c:230:6:DMA1_Channel4_IRQHandler	8	static
stm32f3xx_it.c:244:6:DMA1_Channel6_IRQHandler	8	static
stm32f3xx_it.c:258:6:DMA1_Channel7_IRQHandler	8	static
stm32f3xx_it.c:272:6:I2C1_EV_IRQHandler	8	static
stm32f3xx_it.c:286:6:USART2_IRQHandler	8	static
